################################################################################
#                                                                              #
#      IAR Universal Linker V4.61T/W32                                         #
#                                                                              #
#           Link time     =  25/Feb/2018  16:18:29                             #
#           Target CPU    =  MSP430                                            #
#           List file     =  E:\zz-cc\c0708\0708-141\Project\Debug\List\08.map #
#           Output file 1 =  E:\zz-cc\c0708\0708-141\Project\Debug\Exe\08.txt  #
#                            Format: msp430_txt                                #
#           Command line  =  E:\zz-cc\c0708\0708-141\Project\Debug\Obj\adc.r43 #
#                            E:\zz-cc\c0708\0708-141\Project\Debug\Obj\crc32.r #
#                            43                                                #
#                            E:\zz-cc\c0708\0708-141\Project\Debug\Obj\dac.r43 #
#                            E:\zz-cc\c0708\0708-141\Project\Debug\Obj\fsfx.r4 #
#                            3                                                 #
#                            E:\zz-cc\c0708\0708-141\Project\Debug\Obj\gps.r43 #
#                            E:\zz-cc\c0708\0708-141\Project\Debug\Obj\gsm.r43 #
#                            E:\zz-cc\c0708\0708-141\Project\Debug\Obj\i2c_bh1 #
#                            750.r43                                           #
#                            E:\zz-cc\c0708\0708-141\Project\Debug\Obj\i2c_ee. #
#                            r43                                               #
#                            E:\zz-cc\c0708\0708-141\Project\Debug\Obj\i2c_htu #
#                            .r43                                              #
#                            E:\zz-cc\c0708\0708-141\Project\Debug\Obj\i2c_rtc #
#                            .r43                                              #
#                            E:\zz-cc\c0708\0708-141\Project\Debug\Obj\i2c_shr #
#                            1000.r43                                          #
#                            E:\zz-cc\c0708\0708-141\Project\Debug\Obj\it.r43  #
#                            E:\zz-cc\c0708\0708-141\Project\Debug\Obj\key.r43 #
#                            E:\zz-cc\c0708\0708-141\Project\Debug\Obj\lcd.r43 #
#                            E:\zz-cc\c0708\0708-141\Project\Debug\Obj\led.r43 #
#                            E:\zz-cc\c0708\0708-141\Project\Debug\Obj\logger. #
#                            r43                                               #
#                            E:\zz-cc\c0708\0708-141\Project\Debug\Obj\main.r4 #
#                            3                                                 #
#                            E:\zz-cc\c0708\0708-141\Project\Debug\Obj\modbus. #
#                            r43                                               #
#                            E:\zz-cc\c0708\0708-141\Project\Debug\Obj\ow.r43  #
#                            E:\zz-cc\c0708\0708-141\Project\Debug\Obj\print.r #
#                            43                                                #
#                            E:\zz-cc\c0708\0708-141\Project\Debug\Obj\rfkp.r4 #
#                            3                                                 #
#                            E:\zz-cc\c0708\0708-141\Project\Debug\Obj\rtc.r43 #
#                            E:\zz-cc\c0708\0708-141\Project\Debug\Obj\spi_max #
#                            31855.r43                                         #
#                            E:\zz-cc\c0708\0708-141\Project\Debug\Obj\spi_max #
#                            31865.r43                                         #
#                            E:\zz-cc\c0708\0708-141\Project\Debug\Obj\uart_pc #
#                            .r43                                              #
#                            E:\zz-cc\c0708\0708-141\Project\Debug\Obj\wireles #
#                            s.r43                                             #
#                            E:\zz-cc\c0708\0708-141\Project\Debug\Obj\wk2124. #
#                            r43                                               #
#                            -o                                                #
#                            E:\zz-cc\c0708\0708-141\Project\Debug\Exe\08.txt  #
#                            -Fmsp430_txt -l                                   #
#                            E:\zz-cc\c0708\0708-141\Project\Debug\List\08.map #
#                            -xmo                                              #
#                            "-IC:\Program Files (x86)\IAR Systems\Embedded Wo #
#                            rkbench 6.0 Evaluation\430\LIB\"                  #
#                            -f                                                #
#                            E:\zz-cc\c0708\0708-141\Project\..\APPxcl\lnk430F #
#                            248-app.xcl                                       #
#                            (-cmsp430 -QCODE_I=CODE_ID                        #
#                            -Z(DATA)DATA16_I,DATA16_Z,DATA16_N,DATA16_HEAP+_D #
#                            ATA16_HEAP_SIZE=1100-20FF                         #
#                            -Z(DATA)CODE_I -Z(DATA)CSTACK+_STACK_SIZE#        #
#                            -Z(CONST)INFO=1000-10FF                           #
#                            -Z(CONST)INFOA=10C0-10FF                          #
#                            -Z(CONST)INFOB=1080-10BF                          #
#                            -Z(CONST)INFOC=1040-107F                          #
#                            -Z(CONST)INFOD=1000-103F                          #
#                            -Z(CONST)DATA16_C,DATA16_ID,DIFUNCT,CHECKSUM=4000 #
#                            -F9BF                                             #
#                            -Z(CODE)CSTART,ISR_CODE,CODE_ID=4000-F9BF         #
#                            -P(CODE)CODE=4000-F9BF -Z(CODE)INTVEC=F9C0-F9FF   #
#                            -Z(CODE)RESET=F9FE-F9FF) -f                       #
#                            "C:\Program Files (x86)\IAR Systems\Embedded Work #
#                            bench 6.0 Evaluation\430\config\multiplier.xcl"   #
#                            (-e?Mul8Hw=?Mul8 -e?Mul16Hw=?Mul16                #
#                            -e?Mul16to32uHw=?Mul16to32u                       #
#                            -e?Mul16to32sHw=?Mul16to32s -e?Mul32Hw=?Mul32     #
#                            -e_Mul64iHw=_Mul64i                               #
#                            -e_Mul32u32uto64iHw=_Mul32u32uto64i               #
#                            -e?Mul32fHw=_Mul32f -e_Mul64fHwPtr=_Mul64fPtr)    #
#                            -D_STACK_SIZE=4B0                                 #
#                            "C:\Program Files (x86)\IAR Systems\Embedded Work #
#                            bench 6.0 Evaluation\430\LIB\DLIB\dl430fn.r43"    #
#                            -D_DATA16_HEAP_SIZE=50 -s __program_start         #
#                            -D_DATA20_HEAP_SIZE=50                            #
#                                                                              #
#                           Copyright (C) 1987-2010 IAR Systems AB.            #
################################################################################





                ****************************************
                *                                      *
                *           CROSS REFERENCE            *
                *                                      *
                ****************************************

       Program entry at :           4516  Relocatable, from module : ?cstart




                ****************************************
                *                                      *
                *            RUNTIME MODEL             *
                *                                      *
                ****************************************

  __SystemLibrary            = DLib
  __core                     = 430
  __dlib_file_descriptor     = 0
  __dlib_full_locale_support = 0
  __double_size              = 32
  __pic                      = no
  __reg_r4                   = free
  __reg_r5                   = free
  __rt_version               = 3



                ****************************************
                *                                      *
                *              MODULE MAP              *
                *                                      *
                ****************************************


  DEFINED ABSOLUTE ENTRIES
    *************************************************************************

  DEFINED ABSOLUTE ENTRIES
  PROGRAM MODULE, NAME : ?ABS_ENTRY_MOD

Absolute parts
           ENTRY                   ADDRESS         REF BY
           =====                   =======         ======
           _DATA20_HEAP_SIZE       0050 
           _DATA16_HEAP_SIZE       0050 
           _STACK_SIZE             04B0 
    *************************************************************************

  FILE NAME : E:\zz-cc\c0708\0708-141\Project\Debug\Obj\adc.r43
  PROGRAM MODULE, NAME : adc

  SEGMENTS IN THE MODULE
  ======================
DATA16_AN
  Relative segment, address: 01A0 - 01A1 (0x2 bytes), align: 0
  Segment part 1. ROOT.       Intra module refs:   ADC12ISR (it)
                                                   AdcInit
                                                   LoggerSample (logger)
                                                   timerb0_isr (it)
           ENTRY                   ADDRESS         REF BY
           =====                   =======         ======
           ADC12CTL0               01A0 
    -------------------------------------------------------------------------
DATA16_AN
  Relative segment, address: 01A2 - 01A3 (0x2 bytes), align: 0
  Segment part 2. ROOT.       Intra module refs:   AdcInit
           ENTRY                   ADDRESS         REF BY
           =====                   =======         ======
           ADC12CTL1               01A2 
    -------------------------------------------------------------------------
DATA16_AN
  Relative segment, address: 01A4 - 01A5 (0x2 bytes), align: 0
  Segment part 3. ROOT.       Intra module refs:   ADC12ISR (it)
                                                   AdcInit
                                                   LoggerSample (logger)
           ENTRY                   ADDRESS         REF BY
           =====                   =======         ======
           ADC12IFG                01A4 
    -------------------------------------------------------------------------
DATA16_AN
  Relative segment, address: 01A6 - 01A7 (0x2 bytes), align: 0
  Segment part 4. ROOT.       Intra module refs:   AdcInit
           ENTRY                   ADDRESS         REF BY
           =====                   =======         ======
           ADC12IE                 01A6 
    -------------------------------------------------------------------------
DATA16_AN
  Relative segment, address: 0080 - 0080 (0x1 bytes), align: 0
  Segment part 5. ROOT.       Intra module refs:   AdcInit
           ENTRY                   ADDRESS         REF BY
           =====                   =======         ======
           ADC12MCTL0              0080 
    -------------------------------------------------------------------------
DATA16_AN
  Relative segment, address: 0081 - 0081 (0x1 bytes), align: 0
  Segment part 6. ROOT.       Intra module refs:   AdcInit
           ENTRY                   ADDRESS         REF BY
           =====                   =======         ======
           ADC12MCTL1              0081 
    -------------------------------------------------------------------------
DATA16_AN
  Relative segment, address: 0082 - 0082 (0x1 bytes), align: 0
  Segment part 7. ROOT.       Intra module refs:   AdcInit
           ENTRY                   ADDRESS         REF BY
           =====                   =======         ======
           ADC12MCTL2              0082 
    -------------------------------------------------------------------------
DATA16_AN
  Relative segment, address: 0083 - 0083 (0x1 bytes), align: 0
  Segment part 8. ROOT.       Intra module refs:   AdcInit
           ENTRY                   ADDRESS         REF BY
           =====                   =======         ======
           ADC12MCTL3              0083 
    -------------------------------------------------------------------------
DATA16_AN
  Relative segment, address: 0084 - 0084 (0x1 bytes), align: 0
  Segment part 9. ROOT.       Intra module refs:   AdcInit
           ENTRY                   ADDRESS         REF BY
           =====                   =======         ======
           ADC12MCTL4              0084 
    -------------------------------------------------------------------------
DATA16_AN
  Relative segment, address: 0085 - 0085 (0x1 bytes), align: 0
  Segment part 10. ROOT.      Intra module refs:   AdcInit
           ENTRY                   ADDRESS         REF BY
           =====                   =======         ======
           ADC12MCTL5              0085 
    -------------------------------------------------------------------------
DATA16_AN
  Relative segment, address: 0086 - 0086 (0x1 bytes), align: 0
  Segment part 11. ROOT.      Intra module refs:   AdcInit
           ENTRY                   ADDRESS         REF BY
           =====                   =======         ======
           ADC12MCTL6              0086 
    -------------------------------------------------------------------------
DATA16_AN
  Relative segment, address: 0087 - 0087 (0x1 bytes), align: 0
  Segment part 12. ROOT.      Intra module refs:   AdcInit
           ENTRY                   ADDRESS         REF BY
           =====                   =======         ======
           ADC12MCTL7              0087 
    -------------------------------------------------------------------------
DATA16_AN
  Relative segment, address: 0031 - 0031 (0x1 bytes), align: 0
  Segment part 13. ROOT.      Intra module refs:   ADC12ISR (it)
                                                   AdcToValue
                                                   BufTx (logger)
                                                   CompBuf (main)
                                                   EnUniToAsc (gsm)
                                                   GetNumFromStr (gsm)
                                                   GetPosC (gsm)
                                                   GetPosS (main)
                                                   Gprs_SF_Deel (gsm)
                                                   GsmToPowOff (gsm)
                                                   I2C_EE_BufferWrite (i2c_ee)
                                                   I2c2Ack (i2c_rtc)
                                                   I2c2RecByte (i2c_rtc)
                                                   I2c2SendByte (i2c_rtc)
                                                   I2c2Start (i2c_rtc)
                                                   I2c2Stop (i2c_rtc)
                                                   I2cAck (i2c_ee)
                                                   I2cRecByte (i2c_ee)
                                                   I2cSendByte (i2c_ee)
                                                   I2cStart (i2c_ee)
                                                   I2cStop (i2c_ee)
                                                   KeyIsrDo (key)
                                                   KeyXiaoDou (key)
                                                   LoggerInit (logger)
                                                   LoggerRecOne (logger)
                                                   LoggerSample (logger)
                                                   McuInit (main)
                                                   PCBSQ_Record (logger)
                                                   PrintDeel (print)
                                                   PrintKeyClr (print)
                                                   SmsKeyOff (gsm)
                                                   SmsRecDeel (gsm)
                                                   StateA1ToEE (logger)
                                                   StateA2ToEE (logger)
                                                   StateBToEE (logger)
                                                   U0PduAnalyze (gsm)
                                                   U0SendByte (main)
                                                   U0SmsPdu (gsm)
                                                   U1SendByte (main)
                                                   USCI0RX_ISR (it)
                                                   USCI1RX_ISR (it)
                                                   ascii_2_hex (gsm)
                                                   decode (gsm)
                                                   hex_2_ascii (gsm)
                                                   main (main)
           ENTRY                   ADDRESS         REF BY
           =====                   =======         ======
           P5OUT                   0031 
    -------------------------------------------------------------------------
DATA16_AN
  Relative segment, address: 0036 - 0036 (0x1 bytes), align: 0
  Segment part 14. ROOT.      Intra module refs:   AdcInit
                                                   McuInit (main)
           ENTRY                   ADDRESS         REF BY
           =====                   =======         ======
           P6DIR                   0036 
    -------------------------------------------------------------------------
DATA16_AN
  Relative segment, address: 0037 - 0037 (0x1 bytes), align: 0
  Segment part 15. ROOT.      Intra module refs:   AdcInit
                                                   McuInit (main)
           ENTRY                   ADDRESS         REF BY
           =====                   =======         ======
           P6SEL                   0037 
    -------------------------------------------------------------------------
<CODE> 1 (was CODE)
  Relative segment, address: AD94 - AE69 (0xd6 bytes), align: 1
  Segment part 22.
           ENTRY                   ADDRESS         REF BY
           =====                   =======         ======
           AdcInit                 AD94            main (main)
               CSTACK = 00000000 ( 0000000A )
    -------------------------------------------------------------------------
<CODE> 1 (was CODE)
  Relative segment, address: 99D0 - 9CC7 (0x2f8 bytes), align: 1
  Segment part 17.
           ENTRY                   ADDRESS         REF BY
           =====                   =======         ======
           AdcToValue              99D0            LoggerCalculateValue (logger)
               calls direct
               CSTACK = 00000000 ( 00000052 )
    -------------------------------------------------------------------------
<CODE> 1 (was CODE)
  Relative segment, address: C65C - C66B (0x10 bytes), align: 1
  Segment part 18.            Intra module refs:   AdcToValue
           LOCAL                   ADDRESS         
           =====                   =======         
           ?Subroutine2            C65C 
    -------------------------------------------------------------------------
<CODE> 1 (was CODE)
  Relative segment, address: C5EC - C5FB (0x10 bytes), align: 1
  Segment part 19.            Intra module refs:   AdcToValue
           LOCAL                   ADDRESS         
           =====                   =======         
           ?Subroutine1            C5EC 
    -------------------------------------------------------------------------
<CODE> 1 (was CODE)
  Relative segment, address: C4C2 - C4D7 (0x16 bytes), align: 1
  Segment part 20.            Intra module refs:   AdcToValue
           LOCAL                   ADDRESS         
           =====                   =======         
           ?Subroutine0            C4C2 
    -------------------------------------------------------------------------
<CODE> 1 (was CODE)
  Relative segment, address: C5A6 - C5B7 (0x12 bytes), align: 1
  Segment part 21.            Intra module refs:   ?Subroutine0
                                                   AdcToValue
           LOCAL                   ADDRESS         
           =====                   =======         
           ?Subroutine3            C5A6 

    *************************************************************************

  FILE NAME : E:\zz-cc\c0708\0708-141\Project\Debug\Obj\crc32.r43
    *************************************************************************

  FILE NAME : E:\zz-cc\c0708\0708-141\Project\Debug\Obj\dac.r43
    *************************************************************************

  FILE NAME : E:\zz-cc\c0708\0708-141\Project\Debug\Obj\fsfx.r43
    *************************************************************************

  FILE NAME : E:\zz-cc\c0708\0708-141\Project\Debug\Obj\gps.r43
    *************************************************************************

  FILE NAME : E:\zz-cc\c0708\0708-141\Project\Debug\Obj\gsm.r43
  PROGRAM MODULE, NAME : gsm

  SEGMENTS IN THE MODULE
  ======================
DATA16_AN
  Relative segment, address: 0001 - 0001 (0x1 bytes), align: 0
  Segment part 1. ROOT.       Intra module refs:   GsmFireDeel
                                                   U0Deel
                                                   U0Init (main)
           ENTRY                   ADDRESS         REF BY
           =====                   =======         ======
           IE2                     0001 
    -------------------------------------------------------------------------
DATA16_AN
  Relative segment, address: 0021 - 0021 (0x1 bytes), align: 0
  Segment part 2. ROOT.       Intra module refs:   BellNn (main)
                                                   BellOne (main)
                                                   Bell_Off (logger)
                                                   Bell_Shan (logger)
                                                   KeyAlarm (key)
                                                   LoggerInit (logger)
                                                   McuInit (main)
                                                   PCBSQ_Record (logger)
                                                   SmsKeyOff
           ENTRY                   ADDRESS         REF BY
           =====                   =======         ======
           P1OUT                   0021 
    -------------------------------------------------------------------------
DATA16_AN
  Relative segment, address: 0022 - 0022 (0x1 bytes), align: 0
  Segment part 3. ROOT.       Intra module refs:   BellNn (main)
                                                   BellOne (main)
                                                   Bell_Off (logger)
                                                   Bell_Shan (logger)
                                                   KeyAlarm (key)
                                                   KeyIntSet (key)
                                                   KeyPortInit (key)
                                                   LoggerInit (logger)
                                                   McuInit (main)
                                                   PCBSQ_Record (logger)
                                                   SmsKeyOff
           ENTRY                   ADDRESS         REF BY
           =====                   =======         ======
           P1DIR                   0022 
    -------------------------------------------------------------------------
DATA16_AN
  Relative segment, address: 0029 - 0029 (0x1 bytes), align: 0
  Segment part 4. ROOT.       Intra module refs:   I2C_EE_BufferRead (i2c_ee)
                                                   I2C_EE_BufferWrite (i2c_ee)
                                                   I2c2Ack (i2c_rtc)
                                                   I2c2RecByte (i2c_rtc)
                                                   I2c2SendByte (i2c_rtc)
                                                   I2c2Start (i2c_rtc)
                                                   I2c2Stop (i2c_rtc)
                                                   I2cAck (i2c_ee)
                                                   I2cRecByte (i2c_ee)
                                                   I2cSeekEE (i2c_ee)
                                                   I2cSendByte (i2c_ee)
                                                   I2cStart (i2c_ee)
                                                   I2cStop (i2c_ee)
                                                   LoggerInit (logger)
                                                   McuInit (main)
                                                   PCBSQ_Record (logger)
                                                   SmsKeyOff
                                                   i2c_ee_read_to_pc (i2c_ee)
                                                   i2c_ee_read_to_u0 (i2c_ee)
           ENTRY                   ADDRESS         REF BY
           =====                   =======         ======
           P2OUT                   0029 
    -------------------------------------------------------------------------
DATA16_AN
  Relative segment, address: 002A - 002A (0x1 bytes), align: 0
  Segment part 5. ROOT.       Intra module refs:   I2C_EE_BufferRead (i2c_ee)
                                                   I2C_EE_BufferWrite (i2c_ee)
                                                   I2c2Ack (i2c_rtc)
                                                   I2c2RecByte (i2c_rtc)
                                                   I2c2SendByte (i2c_rtc)
                                                   I2c2Start (i2c_rtc)
                                                   I2c2Stop (i2c_rtc)
                                                   I2cAck (i2c_ee)
                                                   I2cRecByte (i2c_ee)
                                                   I2cSeekEE (i2c_ee)
                                                   I2cSendByte (i2c_ee)
                                                   I2cStart (i2c_ee)
                                                   I2cStop (i2c_ee)
                                                   LoggerInit (logger)
                                                   McuInit (main)
                                                   PCBSQ_Record (logger)
                                                   SmsKeyOff
                                                   i2c_ee_read_to_pc (i2c_ee)
                                                   i2c_ee_read_to_u0 (i2c_ee)
           ENTRY                   ADDRESS         REF BY
           =====                   =======         ======
           P2DIR                   002A 
    -------------------------------------------------------------------------
DATA16_AN
  Relative segment, address: 002E - 002E (0x1 bytes), align: 0
  Segment part 6. ROOT.       Intra module refs:   I2C_EE_BufferRead (i2c_ee)
                                                   I2C_EE_BufferWrite (i2c_ee)
                                                   I2c2Start (i2c_rtc)
                                                   I2cSeekEE (i2c_ee)
                                                   I2cStart (i2c_ee)
                                                   LoggerInit (logger)
                                                   McuInit (main)
                                                   PCBSQ_Record (logger)
                                                   SmsKeyOff
                                                   i2c_ee_read_to_pc (i2c_ee)
                                                   i2c_ee_read_to_u0 (i2c_ee)
           ENTRY                   ADDRESS         REF BY
           =====                   =======         ======
           P2SEL                   002E 
    -------------------------------------------------------------------------
DATA16_AN
  Relative segment, address: 002F - 002F (0x1 bytes), align: 0
  Segment part 7. ROOT.       Intra module refs:   I2C_EE_BufferRead (i2c_ee)
                                                   I2C_EE_BufferWrite (i2c_ee)
                                                   I2c2Ack (i2c_rtc)
                                                   I2c2RecByte (i2c_rtc)
                                                   I2c2SendByte (i2c_rtc)
                                                   I2c2Start (i2c_rtc)
                                                   I2c2Stop (i2c_rtc)
                                                   I2cAck (i2c_ee)
                                                   I2cRecByte (i2c_ee)
                                                   I2cSeekEE (i2c_ee)
                                                   I2cSendByte (i2c_ee)
                                                   I2cStart (i2c_ee)
                                                   I2cStop (i2c_ee)
                                                   LoggerInit (logger)
                                                   McuInit (main)
                                                   PCBSQ_Record (logger)
                                                   SmsKeyOff
                                                   i2c_ee_read_to_pc (i2c_ee)
                                                   i2c_ee_read_to_u0 (i2c_ee)
           ENTRY                   ADDRESS         REF BY
           =====                   =======         ======
           P2REN                   002F 
    -------------------------------------------------------------------------
DATA16_AN
  Relative segment, address: 0019 - 0019 (0x1 bytes), align: 0
  Segment part 8. ROOT.       Intra module refs:   ADC12ISR (it)
                                                   GprsDataHav (logger)
                                                   GprsSendOk (logger)
                                                   GsmFireDeel
                                                   GsmToPowOff
                                                   LoggerInit (logger)
                                                   LoggerSample (logger)
                                                   McuInit (main)
                                                   PCBSQ_Record (logger)
                                                   SmsKeyOff
                                                   SmsSendOk
           ENTRY                   ADDRESS         REF BY
           =====                   =======         ======
           P3OUT                   0019 
    -------------------------------------------------------------------------
DATA16_AN
  Relative segment, address: 001A - 001A (0x1 bytes), align: 0
  Segment part 9. ROOT.       Intra module refs:   ADC12ISR (it)
                                                   GprsDataHav (logger)
                                                   GprsSendOk (logger)
                                                   GsmFireDeel
                                                   GsmToPowOff
                                                   GsmToPowOn
                                                   LoggerExtInt (logger)
                                                   LoggerInit (logger)
                                                   LoggerSample (logger)
                                                   McuInit (main)
                                                   PCBSQ_Record (logger)
                                                   SmsKeyOff
                                                   SmsSendOk
                                                   U0Init (main)
                                                   U1Init (main)
           ENTRY                   ADDRESS         REF BY
           =====                   =======         ======
           P3DIR                   001A 
    -------------------------------------------------------------------------
DATA16_AN
  Relative segment, address: 001B - 001B (0x1 bytes), align: 0
  Segment part 10. ROOT.      Intra module refs:   GsmFireDeel
                                                   GsmToPowOff
                                                   GsmToPowOn
                                                   LoggerExtInt (logger)
                                                   McuInit (main)
                                                   U0Init (main)
                                                   U1Init (main)
           ENTRY                   ADDRESS         REF BY
           =====                   =======         ======
           P3SEL                   001B 
    -------------------------------------------------------------------------
DATA16_AN
  Relative segment, address: 0032 - 0032 (0x1 bytes), align: 0
  Segment part 12. ROOT.      Intra module refs:   ADC12ISR (it)
                                                   LoggerInit (logger)
                                                   LoggerSample (logger)
                                                   McuInit (main)
                                                   PCBSQ_Record (logger)
                                                   SmsKeyOff
           ENTRY                   ADDRESS         REF BY
           =====                   =======         ======
           P5DIR                   0032 
    -------------------------------------------------------------------------
DATA16_AN
  Relative segment, address: 0164 - 0165 (0x2 bytes), align: 0
  Segment part 13. ROOT.      Intra module refs:   Timer_A (it)
                                                   U0Clear
                                                   USCI0RX_ISR (it)
           ENTRY                   ADDRESS         REF BY
           =====                   =======         ======
           TACCTL1                 0164 
    -------------------------------------------------------------------------
DATA16_I
  Relative segment, address: 1100 - 1101 (0x2 bytes), align: 1
  Segment part 121.           Intra module refs:   Gprs_SF_Recv_Do
           ENTRY                   ADDRESS         REF BY
           =====                   =======         ======
           sServerCode             1100 
    -------------------------------------------------------------------------
DATA16_I
  Relative segment, address: 1102 - 1103 (0x2 bytes), align: 1
  Segment part 129.           Intra module refs:   U0Deel
           ENTRY                   ADDRESS         REF BY
           =====                   =======         ======
           sCMGS                   1102 
    -------------------------------------------------------------------------
DATA16_I
  Relative segment, address: 1104 - 1105 (0x2 bytes), align: 1
  Segment part 135.           Intra module refs:   ?Subroutine30
           ENTRY                   ADDRESS         REF BY
           =====                   =======         ======
           sOK                     1104 
    -------------------------------------------------------------------------
DATA16_I
  Relative segment, address: 1106 - 1107 (0x2 bytes), align: 1
  Segment part 137.           Intra module refs:   Gprs_SF_Recv_Do
                                                   U0Deel
           ENTRY                   ADDRESS         REF BY
           =====                   =======         ======
           sCONNECT                1106 
    -------------------------------------------------------------------------
DATA16_I
  Relative segment, address: 1108 - 1109 (0x2 bytes), align: 1
  Segment part 139.           Intra module refs:   U0Deel
           ENTRY                   ADDRESS         REF BY
           =====                   =======         ======
           sLN                     1108 
    -------------------------------------------------------------------------
DATA16_I
  Relative segment, address: 110A - 110B (0x2 bytes), align: 1
  Segment part 141.           Intra module refs:   U0Deel
           ENTRY                   ADDRESS         REF BY
           =====                   =======         ======
           s_0891                  110A 
    -------------------------------------------------------------------------
DATA16_I
  Relative segment, address: 110C - 110D (0x2 bytes), align: 1
  Segment part 149.           Intra module refs:   U0Deel
           ENTRY                   ADDRESS         REF BY
           =====                   =======         ======
           sERROR                  110C 
    -------------------------------------------------------------------------
DATA16_I
  Relative segment, address: 110E - 110F (0x2 bytes), align: 1
  Segment part 153.           Intra module refs:   U0Deel
           ENTRY                   ADDRESS         REF BY
           =====                   =======         ======
           sATCSQ                  110E 
    -------------------------------------------------------------------------
DATA16_I
  Relative segment, address: 1110 - 1111 (0x2 bytes), align: 1
  Segment part 175.           Intra module refs:   U0Deel
           ENTRY                   ADDRESS         REF BY
           =====                   =======         ======
           sMOBILE                 1110 
    -------------------------------------------------------------------------
DATA16_I
  Relative segment, address: 1112 - 1113 (0x2 bytes), align: 1
  Segment part 177.           Intra module refs:   U0Deel
           ENTRY                   ADDRESS         REF BY
           =====                   =======         ======
           sMobile                 1112 
    -------------------------------------------------------------------------
DATA16_I
  Relative segment, address: 1114 - 1115 (0x2 bytes), align: 1
  Segment part 191.           Intra module refs:   U0Deel
           ENTRY                   ADDRESS         REF BY
           =====                   =======         ======
           sCPIN_NOT               1114 
    -------------------------------------------------------------------------
DATA16_I
  Relative segment, address: 1116 - 1117 (0x2 bytes), align: 1
  Segment part 195.           Intra module refs:   Gprs_SF_Recv_Do
           ENTRY                   ADDRESS         REF BY
           =====                   =======         ======
           sALREADY                1116 
    -------------------------------------------------------------------------
DATA16_I
  Relative segment, address: 1118 - 1119 (0x2 bytes), align: 1
  Segment part 197.           Intra module refs:   Gprs_SF_Recv_Do
           ENTRY                   ADDRESS         REF BY
           =====                   =======         ======
           sFAIL                   1118 
    -------------------------------------------------------------------------
DATA16_C
  Relative segment, address: 40CC - 40D2 (0x7 bytes), align: 0
  Segment part 15.            Intra module refs:   Segment part 122
    -------------------------------------------------------------------------
DATA16_C
  Relative segment, address: 40D3 - 40D7 (0x5 bytes), align: 0
  Segment part 19.            Intra module refs:   Segment part 130
    -------------------------------------------------------------------------
DATA16_C
  Relative segment, address: 40D8 - 40DA (0x3 bytes), align: 0
  Segment part 22.            Intra module refs:   Segment part 136
    -------------------------------------------------------------------------
DATA16_C
  Relative segment, address: 40DB - 40E2 (0x8 bytes), align: 0
  Segment part 23.            Intra module refs:   Segment part 138
    -------------------------------------------------------------------------
DATA16_C
  Relative segment, address: 40E3 - 40E5 (0x3 bytes), align: 0
  Segment part 24.            Intra module refs:   Segment part 140
    -------------------------------------------------------------------------
DATA16_C
  Relative segment, address: 40E6 - 40EA (0x5 bytes), align: 0
  Segment part 25.            Intra module refs:   Segment part 142
    -------------------------------------------------------------------------
DATA16_C
  Relative segment, address: 40EB - 40F1 (0x7 bytes), align: 0
  Segment part 29.            Intra module refs:   Segment part 150
    -------------------------------------------------------------------------
DATA16_C
  Relative segment, address: 40F2 - 40F6 (0x5 bytes), align: 0
  Segment part 31.            Intra module refs:   Segment part 154
    -------------------------------------------------------------------------
DATA16_C
  Relative segment, address: 40F7 - 40FD (0x7 bytes), align: 0
  Segment part 42.            Intra module refs:   Segment part 176
    -------------------------------------------------------------------------
DATA16_C
  Relative segment, address: 40FE - 4104 (0x7 bytes), align: 0
  Segment part 43.            Intra module refs:   Segment part 178
    -------------------------------------------------------------------------
DATA16_C
  Relative segment, address: 4105 - 4114 (0x10 bytes), align: 0
  Segment part 50.            Intra module refs:   Segment part 192
    -------------------------------------------------------------------------
DATA16_C
  Relative segment, address: 4115 - 411C (0x8 bytes), align: 0
  Segment part 52.            Intra module refs:   Segment part 196
    -------------------------------------------------------------------------
DATA16_C
  Relative segment, address: 411D - 4121 (0x5 bytes), align: 0
  Segment part 53.            Intra module refs:   Segment part 198
    -------------------------------------------------------------------------
DATA16_C
  Relative segment, address: 4122 - 4128 (0x7 bytes), align: 0
  Segment part 54.            Intra module refs:   GsmOnErrDeel
    -------------------------------------------------------------------------
DATA16_C
  Relative segment, address: 4129 - 4131 (0x9 bytes), align: 0
  Segment part 55.            Intra module refs:   PowInDeel
    -------------------------------------------------------------------------
DATA16_C
  Relative segment, address: 4132 - 413B (0xa bytes), align: 0
  Segment part 56.            Intra module refs:   PowInDeel
    -------------------------------------------------------------------------
DATA16_C
  Relative segment, address: 413C - 4142 (0x7 bytes), align: 0
  Segment part 57.            Intra module refs:   GsmFireDeel
    -------------------------------------------------------------------------
DATA16_C
  Relative segment, address: 4143 - 4146 (0x4 bytes), align: 0
  Segment part 58.            Intra module refs:   Gprs_Exit_Close_Deel
                                                   GsmFireDeel
    -------------------------------------------------------------------------
DATA16_C
  Relative segment, address: 4147 - 4154 (0xe bytes), align: 0
  Segment part 59.            Intra module refs:   GsmFireDeel
    -------------------------------------------------------------------------
DATA16_C
  Relative segment, address: 4155 - 415D (0x9 bytes), align: 0
  Segment part 60.            Intra module refs:   GsmFireDeel
    -------------------------------------------------------------------------
DATA16_C
  Relative segment, address: 415E - 4166 (0x9 bytes), align: 0
  Segment part 61.            Intra module refs:   CsqDeel
                                                   GsmInitDeel
    -------------------------------------------------------------------------
DATA16_C
  Relative segment, address: 4167 - 416D (0x7 bytes), align: 0
  Segment part 62.            Intra module refs:   rtcFromCTDstr
    -------------------------------------------------------------------------
DATA16_C
  Relative segment, address: 416E - 4181 (0x14 bytes), align: 0
  Segment part 63.            Intra module refs:   SendIpPortFromEE
    -------------------------------------------------------------------------
DATA16_C
  Relative segment, address: 4182 - 4184 (0x3 bytes), align: 0
  Segment part 64.            Intra module refs:   SendIpPortFromEE
    -------------------------------------------------------------------------
DATA16_C
  Relative segment, address: 4185 - 4187 (0x3 bytes), align: 0
  Segment part 65.            Intra module refs:   ?Subroutine13
                                                   SendIpPortFromEE
    -------------------------------------------------------------------------
DATA16_C
  Relative segment, address: 4188 - 418D (0x6 bytes), align: 0
  Segment part 66.            Intra module refs:   GsmInitDeel
    -------------------------------------------------------------------------
DATA16_C
  Relative segment, address: 418E - 4194 (0x7 bytes), align: 0
  Segment part 67.            Intra module refs:   GsmInitDeel
    -------------------------------------------------------------------------
DATA16_C
  Relative segment, address: 4195 - 419A (0x6 bytes), align: 0
  Segment part 68.            Intra module refs:   GsmInitDeel
    -------------------------------------------------------------------------
DATA16_C
  Relative segment, address: 419B - 41A3 (0x9 bytes), align: 0
  Segment part 69.            Intra module refs:   GsmInitDeel
    -------------------------------------------------------------------------
DATA16_C
  Relative segment, address: 41A4 - 41A8 (0x5 bytes), align: 0
  Segment part 70.            Intra module refs:   GsmInitDeel
    -------------------------------------------------------------------------
DATA16_C
  Relative segment, address: 41A9 - 41AF (0x7 bytes), align: 0
  Segment part 71.            Intra module refs:   GsmInitDeel
    -------------------------------------------------------------------------
DATA16_C
  Relative segment, address: 41B0 - 41BA (0xb bytes), align: 0
  Segment part 72.            Intra module refs:   GsmInitDeel
    -------------------------------------------------------------------------
DATA16_C
  Relative segment, address: 41BB - 41C5 (0xb bytes), align: 0
  Segment part 73.            Intra module refs:   GsmInitDeel
    -------------------------------------------------------------------------
DATA16_C
  Relative segment, address: 41C6 - 41D1 (0xc bytes), align: 0
  Segment part 74.            Intra module refs:   GsmInitDeel
    -------------------------------------------------------------------------
DATA16_C
  Relative segment, address: 41D2 - 41DC (0xb bytes), align: 0
  Segment part 75.            Intra module refs:   GsmInitDeel
    -------------------------------------------------------------------------
DATA16_C
  Relative segment, address: 41DD - 41E5 (0x9 bytes), align: 0
  Segment part 76.            Intra module refs:   GsmInitDeel
    -------------------------------------------------------------------------
DATA16_C
  Relative segment, address: 41E6 - 41F1 (0xc bytes), align: 0
  Segment part 77.            Intra module refs:   GsmInitDeel
    -------------------------------------------------------------------------
DATA16_C
  Relative segment, address: 41F2 - 41FA (0x9 bytes), align: 0
  Segment part 78.            Intra module refs:   GsmInitDeel
    -------------------------------------------------------------------------
DATA16_C
  Relative segment, address: 41FB - 4206 (0xc bytes), align: 0
  Segment part 79.            Intra module refs:   GsmInitDeel
    -------------------------------------------------------------------------
DATA16_C
  Relative segment, address: 4207 - 4213 (0xd bytes), align: 0
  Segment part 80.            Intra module refs:   Gprs_Exit_Close_Deel
                                                   GsmInitDeel
    -------------------------------------------------------------------------
DATA16_C
  Relative segment, address: 4214 - 4221 (0xe bytes), align: 0
  Segment part 81.            Intra module refs:   GsmInitDeel
    -------------------------------------------------------------------------
DATA16_C
  Relative segment, address: 4222 - 4229 (0x8 bytes), align: 0
  Segment part 82.            Intra module refs:   GsmInitDeel
    -------------------------------------------------------------------------
DATA16_C
  Relative segment, address: 422A - 4238 (0xf bytes), align: 0
  Segment part 83.            Intra module refs:   GsmInitDeel
    -------------------------------------------------------------------------
DATA16_C
  Relative segment, address: 4239 - 4251 (0x19 bytes), align: 0
  Segment part 84.            Intra module refs:   GsmInitDeel
    -------------------------------------------------------------------------
DATA16_C
  Relative segment, address: 4252 - 4259 (0x8 bytes), align: 0
  Segment part 85.            Intra module refs:   GsmInitDeel
    -------------------------------------------------------------------------
DATA16_C
  Relative segment, address: 425A - 4264 (0xb bytes), align: 0
  Segment part 86.            Intra module refs:   GsmInitDeel
    -------------------------------------------------------------------------
DATA16_C
  Relative segment, address: 4265 - 426B (0x7 bytes), align: 0
  Segment part 87.            Intra module refs:   GsmInitDeel
    -------------------------------------------------------------------------
DATA16_C
  Relative segment, address: 426C - 4276 (0xb bytes), align: 0
  Segment part 88.            Intra module refs:   GsmInitDeel
    -------------------------------------------------------------------------
DATA16_C
  Relative segment, address: 4277 - 427E (0x8 bytes), align: 0
  Segment part 89.            Intra module refs:   GsmInitDeel
    -------------------------------------------------------------------------
DATA16_C
  Relative segment, address: 427F - 4290 (0x12 bytes), align: 0
  Segment part 90.            Intra module refs:   GsmInitDeel
    -------------------------------------------------------------------------
DATA16_C
  Relative segment, address: 4291 - 4299 (0x9 bytes), align: 0
  Segment part 91.            Intra module refs:   GsmInitDeel
    -------------------------------------------------------------------------
DATA16_C
  Relative segment, address: 429A - 42AC (0x13 bytes), align: 0
  Segment part 92.            Intra module refs:   GsmInitDeel
    -------------------------------------------------------------------------
DATA16_C
  Relative segment, address: 42AD - 42B4 (0x8 bytes), align: 0
  Segment part 93.            Intra module refs:   GsmInitDeel
    -------------------------------------------------------------------------
DATA16_C
  Relative segment, address: 42B5 - 42BF (0xb bytes), align: 0
  Segment part 94.            Intra module refs:   GsmInitDeel
    -------------------------------------------------------------------------
DATA16_C
  Relative segment, address: 42C0 - 42C5 (0x6 bytes), align: 0
  Segment part 95.            Intra module refs:   GsmInitDeel
    -------------------------------------------------------------------------
DATA16_C
  Relative segment, address: 42C6 - 42CD (0x8 bytes), align: 0
  Segment part 96.            Intra module refs:   GsmInitDeel
    -------------------------------------------------------------------------
DATA16_C
  Relative segment, address: 42CE - 42DB (0xe bytes), align: 0
  Segment part 97.            Intra module refs:   Gprs_Exit_Close_Deel
    -------------------------------------------------------------------------
DATA16_C
  Relative segment, address: 42DC - 42E4 (0x9 bytes), align: 0
  Segment part 98.            Intra module refs:   U0Deel
    -------------------------------------------------------------------------
DATA16_C
  Relative segment, address: 42E5 - 42F5 (0x11 bytes), align: 0
  Segment part 99.            Intra module refs:   U0Deel
    -------------------------------------------------------------------------
DATA16_C
  Relative segment, address: 42F6 - 42F8 (0x3 bytes), align: 0
  Segment part 100.           Intra module refs:   U0Deel
    -------------------------------------------------------------------------
DATA16_C
  Relative segment, address: 42F9 - 42FB (0x3 bytes), align: 0
  Segment part 101.           Intra module refs:   ?Subroutine48
    -------------------------------------------------------------------------
DATA16_C
  Relative segment, address: 42FC - 42FE (0x3 bytes), align: 0
  Segment part 102.           Intra module refs:   U0Deel
    -------------------------------------------------------------------------
DATA16_C
  Relative segment, address: 42FF - 4305 (0x7 bytes), align: 0
  Segment part 103.           Intra module refs:   U0Deel
    -------------------------------------------------------------------------
DATA16_C
  Relative segment, address: 4306 - 4309 (0x4 bytes), align: 0
  Segment part 104.           Intra module refs:   U0Deel
    -------------------------------------------------------------------------
DATA16_C
  Relative segment, address: 430A - 4312 (0x9 bytes), align: 0
  Segment part 105.           Intra module refs:   U0SmsLen
    -------------------------------------------------------------------------
DATA16_C
  Relative segment, address: 4313 - 431D (0xb bytes), align: 0
  Segment part 106.           Intra module refs:   U0SmsPdu
    -------------------------------------------------------------------------
DATA16_C
  Relative segment, address: 431E - 4320 (0x3 bytes), align: 0
  Segment part 107.           Intra module refs:   U0SmsPdu
    -------------------------------------------------------------------------
DATA16_C
  Relative segment, address: 4321 - 4327 (0x7 bytes), align: 0
  Segment part 108.           Intra module refs:   U0SmsPdu
    -------------------------------------------------------------------------
DATA16_C
  Relative segment, address: 4328 - 4338 (0x11 bytes), align: 0
  Segment part 109.           Intra module refs:   hex_2_ascii
    -------------------------------------------------------------------------
DATA16_C
  Relative segment, address: 4339 - 4345 (0xd bytes), align: 0
  Segment part 110.           Intra module refs:   ?Subroutine8
                                                   GsmFireDeel
    -------------------------------------------------------------------------
DATA16_C
  Relative segment, address: 4346 - 4350 (0xb bytes), align: 0
  Segment part 111.           Intra module refs:   GsmToPowOff
    -------------------------------------------------------------------------
DATA16_C
  Relative segment, address: 4351 - 4353 (0x3 bytes), align: 0
  Segment part 112.           Intra module refs:   GetGsmXh
    -------------------------------------------------------------------------
DATA16_C
  Relative segment, address: 4354 - 435D (0xa bytes), align: 0
  Segment part 118.           Intra module refs:   Gprs_SF_Recv_Do
    -------------------------------------------------------------------------
DATA16_C
  Relative segment, address: 435E - 4369 (0xc bytes), align: 0
  Segment part 119.           Intra module refs:   Gprs_SF_Deel
    -------------------------------------------------------------------------
DATA16_C
  Relative segment, address: 436A - 4377 (0xe bytes), align: 0
  Segment part 120.           Intra module refs:   Gprs_SF_Deel
    -------------------------------------------------------------------------
DATA16_C
  Relative segment, address: 4378 - 438B (0x14 bytes), align: 0
  Segment part 202.           Intra module refs:   GetPowUni
           ENTRY                   ADDRESS         REF BY
           =====                   =======         ======
           ff_power_off            4378 
    -------------------------------------------------------------------------
DATA16_C
  Relative segment, address: 438C - 4397 (0xc bytes), align: 0
  Segment part 203.           Intra module refs:   GetPowUni
           ENTRY                   ADDRESS         REF BY
           =====                   =======         ======
           ff_power_on             438C 
    -------------------------------------------------------------------------
DATA16_C
  Relative segment, address: 4398 - 439B (0x4 bytes), align: 0
  Segment part 204.           Intra module refs:   GetUniSet
           ENTRY                   ADDRESS         REF BY
           =====                   =======         ======
           ff_set                  4398 
    -------------------------------------------------------------------------
DATA16_C
  Relative segment, address: 439C - 439F (0x4 bytes), align: 0
  Segment part 205.           Intra module refs:   GetUniSet
           ENTRY                   ADDRESS         REF BY
           =====                   =======         ======
           ff_ok                   439C 
    -------------------------------------------------------------------------
DATA16_C
  Relative segment, address: 43A0 - 43A3 (0x4 bytes), align: 0
  Segment part 206.           Intra module refs:   GetUniSet
           ENTRY                   ADDRESS         REF BY
           =====                   =======         ======
           ff_fail                 43A0 
    -------------------------------------------------------------------------
<CODE> 1 (was CODE)
  Relative segment, address: B6E6 - B755 (0x70 bytes), align: 1
  Segment part 376.
           ENTRY                   ADDRESS         REF BY
           =====                   =======         ======
           GsmLoop                 B6E6            LoggerLoop (logger)
               calls direct
               CSTACK = 00000000 ( 00000002 )
    -------------------------------------------------------------------------
<CODE> 1 (was CODE)
  Relative segment, address: BE70 - BEAF (0x40 bytes), align: 1
  Segment part 375.           Intra module refs:   GsmLoop
           ENTRY                   ADDRESS         REF BY
           =====                   =======         ======
           GsmOnErrDeel            BE70 
               calls direct
               CSTACK = 00000000 ( 00000002 )
    -------------------------------------------------------------------------
<CODE> 1 (was CODE)
  Relative segment, address: 64BC - 64DB (0x20 bytes), align: 1
  Segment part 222.
           ENTRY                   ADDRESS         REF BY
           =====                   =======         ======
           Gprs_SF_XLH_ToEE        64BC            LoggerConfigFirst (logger)
               calls direct
               CSTACK = 00000000 ( 00000004 )
    -------------------------------------------------------------------------
<CODE> 1 (was CODE)
  Relative segment, address: 64DC - 64F3 (0x18 bytes), align: 1
  Segment part 223.
           ENTRY                   ADDRESS         REF BY
           =====                   =======         ======
           Gprs_SF_XLH_FromEE      64DC            LoggerExtInt (logger)
               calls direct
               CSTACK = 00000000 ( 00000004 )
    -------------------------------------------------------------------------
<CODE> 1 (was CODE)
  Relative segment, address: 64F4 - 64F9 (0x6 bytes), align: 1
  Segment part 226.           Intra module refs:   U0PduAnalyze
           LOCAL                   ADDRESS         
           =====                   =======         
           ?Subroutine3            64F4 
    -------------------------------------------------------------------------
<CODE> 1 (was CODE)
  Relative segment, address: 64FA - 6507 (0xe bytes), align: 1
  Segment part 227.           Intra module refs:   Gprs_SF_Deel
           LOCAL                   ADDRESS         
           =====                   =======         
           ?Subroutine26           64FA 
    -------------------------------------------------------------------------
<CODE> 1 (was CODE)
  Relative segment, address: 6508 - 650F (0x8 bytes), align: 1
  Segment part 229.           Intra module refs:   rtcFromCTDstr
           LOCAL                   ADDRESS         
           =====                   =======         
           ?Subroutine34           6508 
    -------------------------------------------------------------------------
<CODE> 1 (was CODE)
  Relative segment, address: 6510 - 654D (0x3e bytes), align: 1
  Segment part 232.           Intra module refs:   SmsRecDeel
           ENTRY                   ADDRESS         REF BY
           =====                   =======         ======
           GetUniSet               6510 
               CSTACK = 00000000 ( 00000004 )
    -------------------------------------------------------------------------
<CODE> 1 (was CODE)
  Relative segment, address: 654E - 655B (0xe bytes), align: 1
  Segment part 233.           Intra module refs:   GetNumFromStr
                                                   SmsRecDeel
           ENTRY                   ADDRESS         REF BY
           =====                   =======         ======
           IsNum                   654E 
               CSTACK = 00000000 ( 00000002 )
    -------------------------------------------------------------------------
<CODE> 1 (was CODE)
  Relative segment, address: 655C - 6599 (0x3e bytes), align: 1
  Segment part 234.           Intra module refs:   ?Subroutine10
                                                   GetZvalueFromStr
                                                   bbFromXYZDstr
                                                   rtcFromCTDstr
           ENTRY                   ADDRESS         REF BY
           =====                   =======         ======
           GetNumFromStr           655C 
               calls direct
               CSTACK = 00000000 ( 0000000A )
    -------------------------------------------------------------------------
<CODE> 1 (was CODE)
  Relative segment, address: 659A - 65BD (0x24 bytes), align: 1
  Segment part 235.           Intra module refs:   Segment part 247
                                                   U0PduAnalyze
                                                   bbFromLHDstr
                                                   bbFromXYZDstr
                                                   rtcFromCTDstr
           ENTRY                   ADDRESS         REF BY
           =====                   =======         ======
           GetPosC                 659A 
               CSTACK = 00000000 ( 00000004 )
    -------------------------------------------------------------------------
<CODE> 1 (was CODE)
  Relative segment, address: 65BE - 66D9 (0x11c bytes), align: 1
  Segment part 236.           Intra module refs:   SmsRecDeel
           ENTRY                   ADDRESS         REF BY
           =====                   =======         ======
           rtcFromCTDstr           65BE 
               calls direct
               CSTACK = 00000000 ( 00000024 )
    -------------------------------------------------------------------------
<CODE> 1 (was CODE)
  Relative segment, address: 66DA - 66E5 (0xc bytes), align: 1
  Segment part 237.           Intra module refs:   rtcFromCTDstr
           LOCAL                   ADDRESS         
           =====                   =======         
           ?Subroutine44           66DA 
    -------------------------------------------------------------------------
<CODE> 1 (was CODE)
  Relative segment, address: 66E6 - 66ED (0x8 bytes), align: 1
  Segment part 238.           Intra module refs:   rtcFromCTDstr
           LOCAL                   ADDRESS         
           =====                   =======         
           ?Subroutine43           66E6 
    -------------------------------------------------------------------------
<CODE> 1 (was CODE)
  Relative segment, address: 66EE - 6873 (0x186 bytes), align: 1
  Segment part 239.           Intra module refs:   SmsRecDeel
           ENTRY                   ADDRESS         REF BY
           =====                   =======         ======
           bbFromXYZDstr           66EE 
               calls direct
               CSTACK = 00000000 ( 0000001E )
    -------------------------------------------------------------------------
<CODE> 1 (was CODE)
  Relative segment, address: 6874 - 687B (0x8 bytes), align: 1
  Segment part 240.           Intra module refs:   bbFromXYZDstr
           LOCAL                   ADDRESS         
           =====                   =======         
           ?Subroutine41           6874 
    -------------------------------------------------------------------------
<CODE> 1 (was CODE)
  Relative segment, address: 687C - 6887 (0xc bytes), align: 1
  Segment part 241.           Intra module refs:   bbFromXYZDstr
           LOCAL                   ADDRESS         
           =====                   =======         
           ?Subroutine32           687C 
    -------------------------------------------------------------------------
<CODE> 1 (was CODE)
  Relative segment, address: 6888 - 6897 (0x10 bytes), align: 1
  Segment part 242.           Intra module refs:   bbFromXYZDstr
           LOCAL                   ADDRESS         
           =====                   =======         
           ?Subroutine10           6888 
    -------------------------------------------------------------------------
<CODE> 1 (was CODE)
  Relative segment, address: 6898 - 68AF (0x18 bytes), align: 1
  Segment part 243.           Intra module refs:   bbFromXYZDstr
           LOCAL                   ADDRESS         
           =====                   =======         
           ?Subroutine4            6898 
    -------------------------------------------------------------------------
<CODE> 1 (was CODE)
  Relative segment, address: 68B0 - 68C9 (0x1a bytes), align: 1
  Segment part 244.           Intra module refs:   GetZvalueFromStr
           ENTRY                   ADDRESS         REF BY
           =====                   =======         ======
           cf10                    68B0 
               CSTACK = 00000000 ( 00000002 )
    -------------------------------------------------------------------------
<CODE> 1 (was CODE)
  Relative segment, address: 68CA - 6955 (0x8c bytes), align: 1
  Segment part 245.           Intra module refs:   bbFromLHDstr
           ENTRY                   ADDRESS         REF BY
           =====                   =======         ======
           GetZvalueFromStr        68CA 
               calls direct
               CSTACK = 00000000 ( 00000016 )
    -------------------------------------------------------------------------
<CODE> 1 (was CODE)
  Relative segment, address: 6956 - 6957 (0x2 bytes), align: 1
  Segment part 246.           Intra module refs:   GetZvalueFromStr
           LOCAL                   ADDRESS         
           =====                   =======         
           ?Subroutine31           6956 
    -------------------------------------------------------------------------
<CODE> 1 (was CODE)
  Relative segment, address: 6958 - 6961 (0xa bytes), align: 1
  Segment part 247.           Intra module refs:   ?Subroutine31
                                                   U0Deel
    -------------------------------------------------------------------------
<CODE> 1 (was CODE)
  Relative segment, address: 6962 - 69F9 (0x98 bytes), align: 1
  Segment part 248.           Intra module refs:   SmsRecDeel
           ENTRY                   ADDRESS         REF BY
           =====                   =======         ======
           bbFromLHDstr            6962 
               calls direct
               CSTACK = 00000000 ( 00000010 )
    -------------------------------------------------------------------------
<CODE> 1 (was CODE)
  Relative segment, address: 69FA - 6A01 (0x8 bytes), align: 1
  Segment part 249.           Intra module refs:   bbFromLHDstr
           LOCAL                   ADDRESS         
           =====                   =======         
           ?Subroutine42           69FA 
    -------------------------------------------------------------------------
<CODE> 1 (was CODE)
  Relative segment, address: 6A02 - 6A2D (0x2c bytes), align: 1
  Segment part 250.           Intra module refs:   SmsRecDeel
           ENTRY                   ADDRESS         REF BY
           =====                   =======         ======
           EnUniToAsc              6A02 
               CSTACK = 00000000 ( 00000004 )
    -------------------------------------------------------------------------
<CODE> 1 (was CODE)
  Relative segment, address: 6A2E - 6BE9 (0x1bc bytes), align: 1
  Segment part 251.           Intra module refs:   U0Deel
           ENTRY                   ADDRESS         REF BY
           =====                   =======         ======
           SmsRecDeel              6A2E 
               calls direct
               CSTACK = 00000000 ( 00000040 )
    -------------------------------------------------------------------------
<CODE> 1 (was CODE)
  Relative segment, address: 6BEA - 6BF3 (0xa bytes), align: 1
  Segment part 252.           Intra module refs:   SmsRecDeel
           LOCAL                   ADDRESS         
           =====                   =======         
           ?Subroutine49           6BEA 
    -------------------------------------------------------------------------
<CODE> 1 (was CODE)
  Relative segment, address: 6BF4 - 6C07 (0x14 bytes), align: 1
  Segment part 253.           Intra module refs:   SmsRecDeel
           LOCAL                   ADDRESS         
           =====                   =======         
           ?Subroutine35           6BF4 
    -------------------------------------------------------------------------
<CODE> 1 (was CODE)
  Relative segment, address: 6C08 - 6C61 (0x5a bytes), align: 1
  Segment part 256.           Intra module refs:   ?Subroutine58
                                                   U0Deel
           ENTRY                   ADDRESS         REF BY
           =====                   =======         ======
           GetGsmXh                6C08 
               calls direct
               CSTACK = 00000000 ( 00000004 )
    -------------------------------------------------------------------------
<CODE> 1 (was CODE)
  Relative segment, address: 6C62 - 6C79 (0x18 bytes), align: 1
  Segment part 257.
           ENTRY                   ADDRESS         REF BY
           =====                   =======         ======
           SmsKeyRead              6C62            LoggerExtInt (logger)
               calls direct
               CSTACK = 00000000 ( 00000004 )
    -------------------------------------------------------------------------
<CODE> 1 (was CODE)
  Relative segment, address: 6C7A - 6C8D (0x14 bytes), align: 1
  Segment part 258.
           ENTRY                   ADDRESS         REF BY
           =====                   =======         ======
           SmsKeySet               6C7A            KeyDecDeel (key)
                                                   LoggerConfigFirst (logger)
               calls direct
               CSTACK = 00000000 ( 00000004 )
    -------------------------------------------------------------------------
<CODE> 1 (was CODE)
  Relative segment, address: 6C8E - 6CA5 (0x18 bytes), align: 1
  Segment part 259.           Intra module refs:   SmsKeyOn
           ENTRY                   ADDRESS         REF BY
           =====                   =======         ======
           GsmToPowOn              6C8E            LoggerLoop (logger)
                                                   SetGprsInfo (uart_pc)
               calls direct
               CSTACK = 00000000 ( 00000002 )
    -------------------------------------------------------------------------
<CODE> 1 (was CODE)
  Relative segment, address: 6CA6 - 6CD7 (0x32 bytes), align: 1
  Segment part 260.
           ENTRY                   ADDRESS         REF BY
           =====                   =======         ======
           SmsKeyOn                6CA6            KeyDecDeel (key)
                                                   LoggerExtInt (logger)
               calls direct
               CSTACK = 00000000 ( 00000002 )
    -------------------------------------------------------------------------
<CODE> 1 (was CODE)
  Relative segment, address: 6CD8 - 6D75 (0x9e bytes), align: 1
  Segment part 261.
           ENTRY                   ADDRESS         REF BY
           =====                   =======         ======
           SmsKeyOff               6CD8            KeyDecDeel (key)
                                                   LoggerExtInt (logger)
               calls direct
               CSTACK = 00000000 ( 00000002 )
    -------------------------------------------------------------------------
<CODE> 1 (was CODE)
  Relative segment, address: 6D76 - 6D7F (0xa bytes), align: 1
  Segment part 262.           Intra module refs:   GsmToPowOff
                                                   SmsKeyOff
                                                   SmsSendOk
           LOCAL                   ADDRESS         
           =====                   =======         
           ?Subroutine7            6D76 
    -------------------------------------------------------------------------
<CODE> 1 (was CODE)
  Relative segment, address: 6D80 - 6EB9 (0x13a bytes), align: 1
  Segment part 263.           Intra module refs:   U0PduAnalyze
           ENTRY                   ADDRESS         REF BY
           =====                   =======         ======
           decode                  6D80 
               CSTACK = 00000000 ( 00000010 )
    -------------------------------------------------------------------------
<CODE> 1 (was CODE)
  Relative segment, address: 6EBA - 6F21 (0x68 bytes), align: 1
  Segment part 264.           Intra module refs:   ?Subroutine21
           ENTRY                   ADDRESS         REF BY
           =====                   =======         ======
           hex_2_ascii             6EBA 
               CSTACK = 00000000 ( 0000001C )
    -------------------------------------------------------------------------
<CODE> 1 (was CODE)
  Relative segment, address: 6F22 - 6FA3 (0x82 bytes), align: 1
  Segment part 265.           Intra module refs:   U0PduAnalyze
           ENTRY                   ADDRESS         REF BY
           =====                   =======         ======
           ascii_2_hex             6F22 
               CSTACK = 00000000 ( 00000008 )
    -------------------------------------------------------------------------
<CODE> 1 (was CODE)
  Relative segment, address: 6FA4 - 70F3 (0x150 bytes), align: 1
  Segment part 267.           Intra module refs:   U0Deel
           ENTRY                   ADDRESS         REF BY
           =====                   =======         ======
           U0PduAnalyze            6FA4 
               calls direct and indirect
               CSTACK = 00000000 ( 00000014 )
    -------------------------------------------------------------------------
<CODE> 1 (was CODE)
  Relative segment, address: 70F4 - 7105 (0x12 bytes), align: 1
  Segment part 268.           Intra module refs:   U0PduAnalyze
           LOCAL                   ADDRESS         
           =====                   =======         
           ?Subroutine14           70F4 
    -------------------------------------------------------------------------
<CODE> 1 (was CODE)
  Relative segment, address: 7106 - 713F (0x3a bytes), align: 1
  Segment part 269.           Intra module refs:   U0SmsPdu
           ENTRY                   ADDRESS         REF BY
           =====                   =======         ======
           GetInternationalPhone   7106 
               CSTACK = 00000000 ( 00000006 )
    -------------------------------------------------------------------------
<CODE> 1 (was CODE)
  Relative segment, address: 7140 - 71F9 (0xba bytes), align: 1
  Segment part 270.           Intra module refs:   U0Deel
           ENTRY                   ADDRESS         REF BY
           =====                   =======         ======
           U0SmsPdu                7140 
               calls direct and indirect
               CSTACK = 00000000 ( 00000022 )
    -------------------------------------------------------------------------
<CODE> 1 (was CODE)
  Relative segment, address: 71FA - 7209 (0x10 bytes), align: 1
  Segment part 271.           Intra module refs:   U0SmsPdu
           LOCAL                   ADDRESS         
           =====                   =======         
           ?Subroutine21           71FA 
    -------------------------------------------------------------------------
<CODE> 1 (was CODE)
  Relative segment, address: 720A - 723D (0x34 bytes), align: 1
  Segment part 272.           Intra module refs:   SmsDeel
           ENTRY                   ADDRESS         REF BY
           =====                   =======         ======
           U0SmsLen                720A 
               calls direct
               CSTACK = 00000000 ( 00000004 )
    -------------------------------------------------------------------------
<CODE> 1 (was CODE)
  Relative segment, address: 723E - 7255 (0x18 bytes), align: 1
  Segment part 273.           Intra module refs:   U0SmsLen
           LOCAL                   ADDRESS         
           =====                   =======         
           ?Subroutine12           723E 
    -------------------------------------------------------------------------
<CODE> 1 (was CODE)
  Relative segment, address: 7256 - 7261 (0xc bytes), align: 1
  Segment part 275.           Intra module refs:   U0SmsLen
           LOCAL                   ADDRESS         
           =====                   =======         
           ?Subroutine13           7256 
    -------------------------------------------------------------------------
<CODE> 1 (was CODE)
  Relative segment, address: 7262 - 7267 (0x6 bytes), align: 1
  Segment part 283.           Intra module refs:   GetInternationalPhone
                                                   GetPowUni
           LOCAL                   ADDRESS         
           =====                   =======         
           ?Subroutine2            7262 
    -------------------------------------------------------------------------
<CODE> 1 (was CODE)
  Relative segment, address: 7268 - 7271 (0xa bytes), align: 1
  Segment part 284.           Intra module refs:   GetInternationalPhone
           LOCAL                   ADDRESS         
           =====                   =======         
           ?Subroutine55           7268 
    -------------------------------------------------------------------------
<CODE> 1 (was CODE)
  Relative segment, address: 7272 - 7285 (0x14 bytes), align: 1
  Segment part 288.           Intra module refs:   SmsKeyOff
           LOCAL                   ADDRESS         
           =====                   =======         
           ?Subroutine50           7272 
    -------------------------------------------------------------------------
<CODE> 1 (was CODE)
  Relative segment, address: 7286 - 72C1 (0x3c bytes), align: 1
  Segment part 289.           Intra module refs:   ?Subroutine0
                                                   U0Deel
           ENTRY                   ADDRESS         REF BY
           =====                   =======         ======
           PhoneIsRight            7286 
               CSTACK = 00000000 ( 00000002 )
    -------------------------------------------------------------------------
<CODE> 1 (was CODE)
  Relative segment, address: 72C2 - 72DB (0x1a bytes), align: 1
  Segment part 290.           Intra module refs:   SmsSendOk
           ENTRY                   ADDRESS         REF BY
           =====                   =======         ======
           SmsPowOneOk             72C2 
               calls direct
[...]
          | + function block  :  00000002
          |  Already listed
  04        CompBuf
            | Stack used (prev) :  00000134
            | + function block  :  00000008
            |  Already listed
  04        U1SendBuf
            | Stack used (prev) :  00000130
            | + function block  :  00000006
            |  Already listed
  04        U1SendStrPC
            | Stack used (prev) :  00000130
            | + function block  :  00000002
            |  Already listed
  04        U1SendByte
            | Stack used (prev) :  000000CE
            | + function block  :  00000002
            |  Already listed
  04        ComSendH
            | Stack used (prev) :  000000CE
            | + function block  :  00000002
            |  Already listed
  04        ComSendL
            | Stack used (prev) :  000000CE
            | + function block  :  00000002
            |  Already listed
  05          U1SendValue
              | Stack used (prev) :  000000D0
              | + function block  :  0000000E
              |  Already listed
  05          U1SendStrPC
              | Stack used (prev) :  00000130
              | + function block  :  00000002
              |  Already listed
  05          U1SendByte
              | Stack used (prev) :  000000CE
              | + function block  :  00000002
              |  Already listed
  05          ComSendH
              | Stack used (prev) :  000000CE
              | + function block  :  00000002
              |  Already listed
  05          ComSendL
              | Stack used (prev) :  000000CE
              | + function block  :  00000002
              |  Already listed
  05          GprsDueOutToEE
              | Stack used (prev) :  0000013E
              | + function block  :  00000004
              |  Already listed
  04        GprsSendOk
            | Stack used (prev) :  00000142
            | + function block  :  00000002
  05          Rtc_Is_Right
              | Stack used (prev) :  00000130
              | + function block  :  00000002
              |  Already listed
  05          RtcD10ToBcd
              | Stack used (prev) :  000000CE
              | + function block  :  0000000A
              |  Already listed
  05          RtcBcdToD10
              | Stack used (prev) :  00000130
              | + function block  :  00000004
              |  Already listed
  05          SecondsToDate
              | Stack used (prev) :  000000CE
              | + function block  :  00000010
              |  Already listed
  05          DateToSeconds
              | Stack used (prev) :  00000130
              | + function block  :  0000000C
              |  Already listed
  05          GetPosS
              | Stack used (prev) :  00000130
              | + function block  :  00000004
              |  Already listed
  05          CheckBuf
              | Stack used (prev) :  00000130
              | + function block  :  00000002
  06            CheckNum
                | Stack used (prev) :  00000130
                | + function block  :  00000002
  05          CK_Buf_Num
              | Stack used (prev) :  00000132
              | + function block  :  00000004
  05          U1SendStrPC
              | Stack used (prev) :  00000130
              | + function block  :  00000002
              |  Already listed
  05          get_add
              | Stack used (prev) :  00000130
              | + function block  :  00000004
  05          alarm_buf_to_flash
              | Stack used (prev) :  00000130
              | + function block  :  00000208
              |  Already listed
  05          UxSendByte
              | Stack used (prev) :  000000D0
              | + function block  :  00000004
              |  Already listed
  05          UxSendByte
              | Stack used (prev) :  000000D0
              | + function block  :  00000004
              |  Already listed
  05          UxSendByte
              | Stack used (prev) :  000000D0
              | + function block  :  00000004
              |  Already listed
  05          UxSendByte
              | Stack used (prev) :  000000D0
              | + function block  :  00000004
              |  Already listed
  05          UxSendByte
              | Stack used (prev) :  000000D0
              | + function block  :  00000004
              |  Already listed
  05          UxSendByte
              | Stack used (prev) :  000000D0
              | + function block  :  00000004
              |  Already listed
  05          UxSendByte
              | Stack used (prev) :  000000D0
              | + function block  :  00000004
              |  Already listed
  05          UxSendByte
              | Stack used (prev) :  000000D0
              | + function block  :  00000004
              |  Already listed
  05          UxSendByte
              | Stack used (prev) :  000000D0
              | + function block  :  00000004
              |  Already listed
  05          UxSendByte
              | Stack used (prev) :  000000D0
              | + function block  :  00000004
              |  Already listed
  05          UxSendByte
              | Stack used (prev) :  000000D0
              | + function block  :  00000004
              |  Already listed
  05          UxSendByte
              | Stack used (prev) :  000000D0
              | + function block  :  00000004
              |  Already listed
  05          UxSendByte
              | Stack used (prev) :  000000D0
              | + function block  :  00000004
              |  Already listed
  05          UxSendByte
              | Stack used (prev) :  000000D0
              | + function block  :  00000004
              |  Already listed
  05          UxSendByte
              | Stack used (prev) :  000000D0
              | + function block  :  00000004
              |  Already listed
  05          UxSendByte
              | Stack used (prev) :  000000D0
              | + function block  :  00000004
              |  Already listed
  05          UxSendByte
              | Stack used (prev) :  000000D0
              | + function block  :  00000004
              |  Already listed
  05          UxSendByte
              | Stack used (prev) :  000000D0
              | + function block  :  00000004
              |  Already listed
  05          UxSendByte
              | Stack used (prev) :  000000D0
              | + function block  :  00000004
              |  Already listed
  05          UxSendByte
              | Stack used (prev) :  000000D0
              | + function block  :  00000004
              |  Already listed
  05          ReadRtcD10
              | Stack used (prev) :  0000013C
              | + function block  :  00000002
              |  Already listed
  05          RtcSetTime
              | Stack used (prev) :  00000134
              | + function block  :  00000004
              |  Already listed
  05          I2C_EE_BufferRead
              | Stack used (prev) :  0000011A
              | + function block  :  0000000C
              |  Already listed
  05          I2C_EE_BufferWrite
              | Stack used (prev) :  00000130
              | + function block  :  0000000E
              |  Already listed
  05          i2c_ee_read_to_u0
              | Stack used (prev) :  000000D2
              | + function block  :  0000000C
              |  Already listed
  04        ServerCmdSet
            | Stack used (prev) :  00000338
            | + function block  :  0000002E
  04        GsmIsFree
            | Stack used (prev) :  00000130
            | + function block  :  00000002
            |  Already listed
  04        U0Clear
            | Stack used (prev) :  00000132
            | + function block  :  00000002
            |  Already listed
  03      Gprs_SF_Recv_Do
          | Stack used (prev) :  00000366
          | + function block  :  0000000A
  03      GsmToPowOff
          | Stack used (prev) :  00000132
          | + function block  :  00000002
          |  Already listed
  03      GsmIsFree
          | Stack used (prev) :  00000130
          | + function block  :  00000002
          |  Already listed
  03      ErrorToRst
          | Stack used (prev) :  00000130
          | + function block  :  00000002
          |  Already listed
  04        SmsAlarmOneOk
            | Stack used (prev) :  00000130
            | + function block  :  00000002
  05          HaveALEnable
              | Stack used (prev) :  00000132
              | + function block  :  00000002
              |  Already listed
  04        SmsPowOneOk
            | Stack used (prev) :  00000134
            | + function block  :  00000002
  03      SmsSendOk
          | Stack used (prev) :  00000136
          | + function block  :  00000002
  03      PhoneIsRight
          | Stack used (prev) :  00000130
          | + function block  :  00000002
          |  Already listed
  04        U0SendString
            | Stack used (prev) :  00000130
            | + function block  :  00000002
            |  Already listed
  04        U0SendByte
            | Stack used (prev) :  000000CE
            | + function block  :  00000002
            |  Already listed
  04        GetInternationalPhone
            | Stack used (prev) :  00000130
            | + function block  :  00000006
  04        hex_2_ascii
            | Stack used (prev) :  00000130
            | + function block  :  0000001C
  04        hex_2_ascii
            | Stack used (prev) :  00000130
            | + function block  :  0000001C
            |  Already listed
  03      U0SmsPdu
          | Stack used (prev) :  0000014C
          | + function block  :  00000022
  04        ascii_2_hex
            | Stack used (prev) :  00000130
            | + function block  :  00000008
  04        ascii_2_hex
            | Stack used (prev) :  00000130
            | + function block  :  00000008
            |  Already listed
  04        decode
            | Stack used (prev) :  00000130
            | + function block  :  00000010
  04        GetPosC
            | Stack used (prev) :  00000130
            | + function block  :  00000004
  03      U0PduAnalyze
          | Stack used (prev) :  00000140
          | + function block  :  00000014
  04        GetPosS
            | Stack used (prev) :  00000130
            | + function block  :  00000004
            |  Already listed
  03      GetGsmXh
          | Stack used (prev) :  00000134
          | + function block  :  00000004
  03      GetGsmXh
          | Stack used (prev) :  00000134
          | + function block  :  00000004
          |  Already listed
  03      GetGsmXh
          | Stack used (prev) :  00000134
          | + function block  :  00000004
          |  Already listed
  04        ChALEnable
            | Stack used (prev) :  00000130
            | + function block  :  00000002
            |  Already listed
  04        ChAEnToFlash
            | Stack used (prev) :  00000130
            | + function block  :  00000208
            |  Already listed
  04        SetPhoneToEE
            | Stack used (prev) :  0000013E
            | + function block  :  00000002
            |  Already listed
  04        GetSmsUni
            | Stack used (prev) :  00000136
            | + function block  :  00000026
            |  Already listed
  04        alarm_buf_to_flash
            | Stack used (prev) :  00000130
            | + function block  :  00000208
            |  Already listed
  04        EnUniToAsc
            | Stack used (prev) :  00000130
            | + function block  :  00000004
  06            cf10
                | Stack used (prev) :  00000130
                | + function block  :  00000002
  06            GetPosC
                | Stack used (prev) :  00000130
                | + function block  :  00000004
                |  Already listed
  06            GetPosC
                | Stack used (prev) :  00000130
                | + function block  :  00000004
                |  Already listed
  07              IsNum
                  | Stack used (prev) :  00000130
                  | + function block  :  00000002
  06            GetNumFromStr
                | Stack used (prev) :  00000132
                | + function block  :  0000000A
  05          GetZvalueFromStr
              | Stack used (prev) :  0000013C
              | + function block  :  00000014
  05          GetZvalueFromStr
              | Stack used (prev) :  0000013C
              | + function block  :  00000014
              |  Already listed
  05          GetPosC
              | Stack used (prev) :  00000130
              | + function block  :  00000004
              |  Already listed
  05          GetPosC
              | Stack used (prev) :  00000130
              | + function block  :  00000004
              |  Already listed
  05          GetPosC
              | Stack used (prev) :  00000130
              | + function block  :  00000004
              |  Already listed
  05          GetPosC
              | Stack used (prev) :  00000130
              | + function block  :  00000004
              |  Already listed
  05          GetPosC
              | Stack used (prev) :  00000130
              | + function block  :  00000004
              |  Already listed
  05          GetPosC
              | Stack used (prev) :  00000130
              | + function block  :  00000004
              |  Already listed
  04        bbFromLHDstr
            | Stack used (prev) :  00000150
            | + function block  :  00000010
  05          GetPosC
              | Stack used (prev) :  00000130
              | + function block  :  00000004
              |  Already listed
  05          GetPosC
              | Stack used (prev) :  00000130
              | + function block  :  00000004
              |  Already listed
  05          GetPosC
              | Stack used (prev) :  00000130
              | + function block  :  00000004
              |  Already listed
  05          GetPosC
              | Stack used (prev) :  00000130
              | + function block  :  00000004
              |  Already listed
  05          GetPosC
              | Stack used (prev) :  00000130
              | + function block  :  00000004
              |  Already listed
  05          GetPosC
              | Stack used (prev) :  00000130
              | + function block  :  00000004
              |  Already listed
  05          GetPosC
              | Stack used (prev) :  00000130
              | + function block  :  00000004
              |  Already listed
  05          GetPosC
              | Stack used (prev) :  00000130
              | + function block  :  00000004
              |  Already listed
  05          GetNumFromStr
              | Stack used (prev) :  00000132
              | + function block  :  0000000A
              |  Already listed
  05          GetNumFromStr
              | Stack used (prev) :  00000132
              | + function block  :  0000000A
              |  Already listed
  05          GetNumFromStr
              | Stack used (prev) :  00000132
              | + function block  :  0000000A
              |  Already listed
  04        bbFromXYZDstr
            | Stack used (prev) :  0000013C
            | + function block  :  0000001E
  05          Rtc_Is_Right
              | Stack used (prev) :  00000130
              | + function block  :  00000002
              |  Already listed
  05          RtcD10ToBcd
              | Stack used (prev) :  000000CE
              | + function block  :  0000000A
              |  Already listed
  05          RtcBcdToD10
              | Stack used (prev) :  00000130
              | + function block  :  00000004
              |  Already listed
  05          SecondsToDate
              | Stack used (prev) :  000000CE
              | + function block  :  00000010
              |  Already listed
  05          DateToSeconds
              | Stack used (prev) :  00000130
              | + function block  :  0000000C
              |  Already listed
  05          U1SendStrPC
              | Stack used (prev) :  00000130
              | + function block  :  00000002
              |  Already listed
  05          RtcSetTime
              | Stack used (prev) :  00000134
              | + function block  :  00000004
              |  Already listed
  05          GetPosC
              | Stack used (prev) :  00000130
              | + function block  :  00000004
              |  Already listed
  05          GetPosC
              | Stack used (prev) :  00000130
              | + function block  :  00000004
              |  Already listed
  05          GetPosC
              | Stack used (prev) :  00000130
              | + function block  :  00000004
              |  Already listed
  05          GetPosC
              | Stack used (prev) :  00000130
              | + function block  :  00000004
              |  Already listed
  05          GetNumFromStr
              | Stack used (prev) :  00000132
              | + function block  :  0000000A
              |  Already listed
  04        rtcFromCTDstr
            | Stack used (prev) :  0000013C
            | + function block  :  00000024
  04        IsNum
            | Stack used (prev) :  00000130
            | + function block  :  00000002
            |  Already listed
  04        GetUniSet
            | Stack used (prev) :  00000130
            | + function block  :  00000004
  03      SmsRecDeel
          | Stack used (prev) :  00000338
          | + function block  :  00000040
  03      GetPosC
          | Stack used (prev) :  00000130
          | + function block  :  00000004
          |  Already listed
  02    U0Deel
        | Stack used (prev) :  00000378
        | + function block  :  00000012
  02    AdcInit
        | Stack used (prev) :  00000130
        | + function block  :  0000000A
  01  main
      | Stack used (prev) :  00000390
      | + function block  :  00000002
  <-Sub-tree of type: Function tree
    | Stack used          :  00000392


  ->Sub-tree of type: Function tree
                             CSTACK
    | Stack used (prev) :  00000392
  01  exit
      | Stack used (prev) :  00000392
      | + function block  :  00000002
  <-Sub-tree of type: Function tree
    | Stack used          :  00000394


  ->Sub-tree of type: Function tree
                             CSTACK
    | Stack used (prev) :  00000394
  01  __data16_memzero
      | Stack used (prev) :  00000394
      | + function block  :  00000002
  <-Sub-tree of type: Function tree
    | Stack used          :  00000396


  ->Sub-tree of type: Function tree
                             CSTACK
    | Stack used (prev) :  00000396
  02    memcpy
        | Stack used (prev) :  000000CA
        | + function block  :  00000002
        |  Already listed
  01  __data16_memcpy
      | Stack used (prev) :  00000396
      | + function block  :  00000002
  <-Sub-tree of type: Function tree
    | Stack used          :  00000398


  ->Sub-tree of type: Function tree
                             CSTACK
    | Stack used (prev) :  00000398
  02    mul
        | Stack used (prev) :  00000398
        | + function block  :  00000014
  01  _Mul32u32uto64iHw
      | Stack used (prev) :  000003AC
      | + function block  :  00000002
  <-Sub-tree of type: Function tree
    | Stack used          :  000003AE


  ->Sub-tree of type: Function tree
                             CSTACK
    | Stack used (prev) :  000003AE
  01  _Mul64iHw
      | Stack used (prev) :  000003AE
      | + function block  :  0000001A
  <-Sub-tree of type: Function tree
    | Stack used          :  000003C8



                ****************************************
                *                                      *
                *        END OF CROSS REFERENCE        *
                *                                      *
                ****************************************

 33 516 bytes of CODE  memory
  2 836 bytes of DATA  memory (+ 129 absolute )
  1 302 bytes of CONST memory

Errors: none
Warnings: none

